// Jest Snapshot v1, https://goo.gl/fbAQLP

exports[`MyComponent should render correctly in "debug" mode 1`] = `
<BrowserRouter>
  <div
    className="App"
  >
    <Navbar />
    <Switch>
      <Route
        component={[Function]}
        path="/"
      />
    </Switch>
  </div>
</BrowserRouter>
`;
